\BOOKMARK [0][-]{chapter.1}{\376\377\000R\000\351\000s\000u\000m\000\351\000\040\000e\000n\000\040\000F\000r\000a\000n\000\347\000a\000i\000s}{}% 1
\BOOKMARK [1][-]{section.1.1}{\376\377\000I\000n\000t\000r\000o\000d\000u\000c\000t\000i\000o\000n}{chapter.1}% 2
\BOOKMARK [2][-]{subsection.1.1.1}{\376\377\000T\000r\000a\000n\000s\000i\000t\000i\000o\000n\000\040\000d\000'\000A\000r\000c\000h\000i\000t\000e\000c\000t\000u\000r\000e\000\040\000L\000o\000g\000i\000c\000i\000e\000l\000l\000e}{section.1.1}% 3
\BOOKMARK [2][-]{subsection.1.1.2}{\376\377\000L\000e\000s\000\040\000D\000\351\000f\000i\000s\000\040\000d\000e\000\040\000l\000'\000A\000r\000c\000h\000i\000t\000e\000c\000t\000u\000r\000e\000\040\000S\000d\000v}{section.1.1}% 4
\BOOKMARK [2][-]{subsection.1.1.3}{\376\377\000C\000o\000n\000t\000r\000i\000b\000u\000t\000i\000o\000n}{section.1.1}% 5
\BOOKMARK [1][-]{section.1.2}{\376\377\000D\000e\000s\000c\000r\000i\000p\000t\000i\000o\000n\000\040\000T\000e\000c\000h\000n\000i\000q\000u\000e\000\040\000d\000e\000\040\000G\000R\000u\000s\000t}{chapter.1}% 6
\BOOKMARK [2][-]{subsection.1.2.1}{\376\377\000D\000e\000s\000c\000r\000i\000p\000t\000i\000o\000n\000\040\000S\000y\000n\000t\000a\000x\000i\000q\000u\000e}{section.1.2}% 7
\BOOKMARK [2][-]{subsection.1.2.2}{\376\377\000V\000\351\000r\000i\000f\000i\000c\000a\000t\000i\000o\000n\000s\000\040\000S\000t\000a\000t\000i\000q\000u\000e\000s\000\040\000\340\000\040\000l\000a\000\040\000C\000o\000m\000p\000i\000l\000a\000t\000i\000o\000n}{section.1.2}% 8
\BOOKMARK [2][-]{subsection.1.2.3}{\376\377\000I\000m\000p\000l\000\351\000m\000e\000n\000t\000a\000t\000i\000o\000n\000\040\000d\000u\000\040\000C\000o\000m\000p\000i\000l\000a\000t\000e\000u\000r}{section.1.2}% 9
\BOOKMARK [2][-]{subsection.1.2.4}{\376\377\000\311\000v\000a\000l\000u\000a\000t\000i\000o\000n\000s\000\040\000e\000t\000\040\000B\000e\000n\000c\000h\000m\000a\000r\000k\000s}{section.1.2}% 10
\BOOKMARK [2][-]{subsection.1.2.5}{\376\377\000S\000y\000n\000t\000h\000\350\000s\000e}{section.1.2}% 11
\BOOKMARK [1][-]{section.1.3}{\376\377\000S\000\351\000m\000a\000n\000t\000i\000q\000u\000e\000\040\000F\000o\000r\000m\000e\000l\000l\000e}{chapter.1}% 12
\BOOKMARK [2][-]{subsection.1.3.1}{\376\377\000S\000\351\000m\000a\000n\000t\000i\000q\000u\000e\000\040\000O\000p\000\351\000r\000a\000t\000i\000o\000n\000n\000e\000l\000l\000e\000\040\000:\000\040\000M\000o\000d\000\351\000l\000i\000s\000e\000r\000\040\000l\000'\000E\000x\000\351\000c\000u\000t\000i\000o\000n\000\040\000P\000a\000s\000\040\000\340\000\040\000P\000a\000s}{section.1.3}% 13
\BOOKMARK [2][-]{subsection.1.3.2}{\376\377\000S\000\351\000m\000a\000n\000t\000i\000q\000u\000e\000\040\000D\000\351\000n\000o\000t\000a\000t\000i\000o\000n\000n\000e\000l\000l\000e\000\040\000:\000\040\000U\000n\000e\000\040\000V\000i\000s\000i\000o\000n\000\040\000A\000b\000s\000t\000r\000a\000i\000t\000e\000\040\000d\000e\000s\000\040\000F\000l\000u\000x}{section.1.3}% 14
\BOOKMARK [2][-]{subsection.1.3.3}{\376\377\000T\000h\000\351\000o\000r\000\350\000m\000e\000s\000\040\000F\000o\000n\000d\000a\000m\000e\000n\000t\000a\000u\000x\000\040\000d\000e\000\040\000C\000o\000r\000r\000e\000c\000t\000i\000o\000n}{section.1.3}% 15
\BOOKMARK [2][-]{subsection.1.3.4}{\376\377\000L\000e\000\040\000D\000\351\000f\000i\000\040\000d\000u\000\040\000S\000u\000r\000-\000\351\000c\000h\000a\000n\000t\000i\000l\000l\000o\000n\000n\000a\000g\000e\000\040\000e\000t\000\040\000s\000a\000\040\000S\000o\000l\000u\000t\000i\000o\000n}{section.1.3}% 16
\BOOKMARK [2][-]{subsection.1.3.5}{\376\377\000S\000y\000n\000t\000h\000\350\000s\000e}{section.1.3}% 17
\BOOKMARK [1][-]{section.1.4}{\376\377\000C\000o\000n\000c\000l\000u\000s\000i\000o\000n\000\040\000e\000t\000\040\000P\000e\000r\000s\000p\000e\000c\000t\000i\000v\000e\000s}{chapter.1}% 18
\BOOKMARK [2][-]{subsection.1.4.1}{\376\377\000L\000i\000m\000i\000t\000e\000s\000\040\000d\000e\000s\000\040\000T\000r\000a\000v\000a\000u\000x\000\040\000A\000c\000t\000u\000e\000l\000s}{section.1.4}% 19
\BOOKMARK [2][-]{subsection.1.4.2}{\376\377\000P\000e\000r\000s\000p\000e\000c\000t\000i\000v\000e\000s\000\040\000e\000t\000\040\000T\000r\000a\000v\000a\000u\000x\000\040\000F\000u\000t\000u\000r\000s}{section.1.4}% 20
\BOOKMARK [2][-]{subsection.1.4.3}{\376\377\000R\000e\000m\000a\000r\000q\000u\000e\000s\000\040\000F\000i\000n\000a\000l\000e\000s}{section.1.4}% 21
\BOOKMARK [0][-]{chapter.2}{\376\377\000I\000n\000t\000r\000o\000d\000u\000c\000t\000i\000o\000n}{}% 22
\BOOKMARK [1][-]{section.2.1}{\376\377\000D\000o\000m\000a\000i\000n\000\040\000S\000p\000e\000c\000i\000f\000i\000c\000\040\000L\000a\000n\000g\000u\000a\000g\000e\000s}{chapter.2}% 23
\BOOKMARK [2][-]{subsection.2.1.1}{\376\377\000L\000o\000w\000-\000L\000e\000v\000e\000l\000\040\000P\000r\000o\000g\000r\000a\000m\000m\000i\000n\000g\000\040\000a\000n\000d\000\040\000I\000t\000s\000\040\000C\000h\000a\000l\000l\000e\000n\000g\000e\000s}{section.2.1}% 24
\BOOKMARK [2][-]{subsection.2.1.2}{\376\377\000D\000o\000m\000a\000i\000n\000-\000S\000p\000e\000c\000i\000f\000i\000c\000\040\000L\000a\000n\000g\000u\000a\000g\000e\000s\000\040\000a\000s\000\040\000a\000\040\000S\000o\000l\000u\000t\000i\000o\000n}{section.2.1}% 25
\BOOKMARK [2][-]{subsection.2.1.3}{\376\377\000D\000a\000t\000a\000f\000l\000o\000w\000\040\000M\000o\000d\000e\000l\000s\000\040\000f\000o\000r\000\040\000R\000e\000a\000c\000t\000i\000v\000e\000\040\000S\000y\000s\000t\000e\000m\000s}{section.2.1}% 26
\BOOKMARK [2][-]{subsection.2.1.4}{\376\377\000S\000u\000m\000m\000a\000r\000y}{section.2.1}% 27
\BOOKMARK [1][-]{section.2.2}{\376\377\000P\000r\000o\000g\000r\000a\000m\000m\000i\000n\000g\000\040\000C\000a\000r\000s}{chapter.2}% 28
\BOOKMARK [2][-]{subsection.2.2.1}{\376\377\000S\000t\000a\000n\000d\000a\000r\000d\000s\000\040\000a\000n\000d\000\040\000A\000r\000c\000h\000i\000t\000e\000c\000t\000u\000r\000e\000s}{section.2.2}% 29
\BOOKMARK [2][-]{subsection.2.2.2}{\376\377\000M\000o\000d\000e\000l\000-\000B\000a\000s\000e\000d\000\040\000D\000e\000v\000e\000l\000o\000p\000m\000e\000n\000t}{section.2.2}% 30
\BOOKMARK [2][-]{subsection.2.2.3}{\376\377\000I\000n\000t\000e\000g\000r\000a\000t\000i\000o\000n\000\040\000o\000f\000\040\000S\000y\000n\000c\000h\000r\000o\000n\000o\000u\000s\000\040\000D\000s\000l\000s}{section.2.2}% 31
\BOOKMARK [2][-]{subsection.2.2.4}{\376\377\000S\000u\000m\000m\000a\000r\000y}{section.2.2}% 32
\BOOKMARK [1][-]{section.2.3}{\376\377\000A\000r\000c\000h\000i\000t\000e\000c\000t\000u\000r\000a\000l\000\040\000S\000h\000i\000f\000t\000\040\000t\000o\000\040\000S\000o\000f\000t\000w\000a\000r\000e\000-\000D\000e\000f\000i\000n\000e\000d\000\040\000V\000e\000h\000i\000c\000l\000e\000s}{chapter.2}% 33
\BOOKMARK [2][-]{subsection.2.3.1}{\376\377\000T\000h\000e\000\040\000I\000n\000t\000e\000r\000e\000s\000t\000\040\000i\000n\000\040\000R\000u\000s\000t}{section.2.3}% 34
\BOOKMARK [2][-]{subsection.2.3.2}{\376\377\000B\000u\000s\000\040\000O\000v\000e\000r\000l\000o\000a\000d\000\040\000a\000t\000\040\000A\000m\000p\000\350\000r\000e}{section.2.3}% 35
\BOOKMARK [2][-]{subsection.2.3.3}{\376\377\000T\000h\000e\000\040\000C\000h\000o\000i\000c\000e\000\040\000f\000o\000r\000\040\000A\000s\000y\000n\000c\000h\000r\000o\000n\000o\000u\000s\000\040\000R\000u\000s\000t}{section.2.3}% 36
\BOOKMARK [2][-]{subsection.2.3.4}{\376\377\000T\000h\000e\000\040\000A\000b\000s\000t\000r\000a\000c\000t\000i\000o\000n\000\040\000G\000a\000p}{section.2.3}% 37
\BOOKMARK [1][-]{section.2.4}{\376\377\000C\000o\000n\000t\000r\000i\000b\000u\000t\000i\000o\000n}{chapter.2}% 38
\BOOKMARK [2][-]{subsection.2.4.1}{\376\377\000S\000h\000o\000r\000t\000\040\000P\000r\000e\000s\000e\000n\000t\000a\000t\000i\000o\000n\000\040\000o\000f\000\040\000G\000R\000u\000s\000t}{section.2.4}% 39
\BOOKMARK [2][-]{subsection.2.4.2}{\376\377\000P\000r\000o\000t\000o\000t\000y\000p\000e\000\040\000C\000o\000m\000p\000i\000l\000e\000r}{section.2.4}% 40
\BOOKMARK [2][-]{subsection.2.4.3}{\376\377\000F\000o\000r\000m\000a\000l\000\040\000S\000e\000m\000a\000n\000t\000i\000c\000s\000\040\000a\000n\000d\000\040\000S\000a\000f\000e\000t\000y\000\040\000G\000u\000a\000r\000a\000n\000t\000e\000e\000s}{section.2.4}% 41
\BOOKMARK [2][-]{subsection.2.4.4}{\376\377\000V\000e\000r\000i\000f\000i\000c\000a\000t\000i\000o\000n\000\040\000o\000f\000\040\000G\000R\000u\000s\000t\000\040\000P\000r\000o\000g\000r\000a\000m\000s}{section.2.4}% 42
\BOOKMARK [1][-]{section.2.5}{\376\377\000O\000r\000g\000a\000n\000i\000z\000a\000t\000i\000o\000n}{chapter.2}% 43
\BOOKMARK [0][-]{chapter.3}{\376\377\000G\000R\000u\000s\000t\000:\000\040\000T\000e\000c\000h\000n\000i\000c\000a\000l\000\040\000D\000e\000s\000c\000r\000i\000p\000t\000i\000o\000n}{}% 44
\BOOKMARK [1][-]{section.3.1}{\376\377\000E\000x\000a\000m\000p\000l\000e\000:\000\040\000A\000d\000a\000p\000t\000i\000v\000e\000\040\000C\000r\000u\000i\000s\000e\000\040\000C\000o\000n\000t\000r\000o\000l\000\040\000\050\000A\000C\000C\000\051}{chapter.3}% 45
\BOOKMARK [2][-]{subsection.3.1.1}{\376\377\000S\000y\000n\000t\000a\000x}{section.3.1}% 46
\BOOKMARK [2][-]{subsection.3.1.2}{\376\377\000E\000x\000e\000c\000u\000t\000i\000o\000n}{section.3.1}% 47
\BOOKMARK [2][-]{subsection.3.1.3}{\376\377\000V\000e\000r\000i\000f\000i\000c\000a\000t\000i\000o\000n}{section.3.1}% 48
\BOOKMARK [2][-]{subsection.3.1.4}{\376\377\000S\000u\000m\000m\000a\000r\000y}{section.3.1}% 49
\BOOKMARK [1][-]{section.3.2}{\376\377\000S\000y\000n\000t\000a\000x\000\040\000o\000f\000\040\000G\000R\000u\000s\000t}{chapter.3}% 50
\BOOKMARK [2][-]{subsection.3.2.1}{\376\377\000S\000y\000n\000t\000a\000x\000\040\000o\000f\000\040\000G\000R\000f\000r\000p}{section.3.2}% 51
\BOOKMARK [2][-]{subsection.3.2.2}{\376\377\000S\000y\000n\000t\000a\000x\000\040\000o\000f\000\040\000G\000R\000e\000a\000c\000t}{section.3.2}% 52
\BOOKMARK [2][-]{subsection.3.2.3}{\376\377\000S\000y\000n\000t\000a\000x\000\040\000o\000f\000\040\000G\000R\000s\000y\000n\000c}{section.3.2}% 53
\BOOKMARK [2][-]{subsection.3.2.4}{\376\377\000S\000y\000n\000t\000a\000x\000\040\000o\000f\000\040\000G\000R\000e\000u\000s\000o\000t}{section.3.2}% 54
\BOOKMARK [2][-]{subsection.3.2.5}{\376\377\000S\000u\000m\000m\000a\000r\000y}{section.3.2}% 55
\BOOKMARK [1][-]{section.3.3}{\376\377\000I\000d\000e\000n\000t\000i\000f\000i\000e\000r\000s\000\040\000U\000s\000a\000g\000e}{chapter.3}% 56
\BOOKMARK [2][-]{subsection.3.3.1}{\376\377\000G\000R\000u\000s\000t\000\040\000P\000r\000o\000g\000r\000a\000m\000s}{section.3.3}% 57
\BOOKMARK [2][-]{subsection.3.3.2}{\376\377\000B\000o\000d\000i\000e\000s\000\040\000o\000f\000\040\000G\000R\000f\000r\000p\000\040\000S\000e\000r\000v\000i\000c\000e\000s}{section.3.3}% 58
\BOOKMARK [2][-]{subsection.3.3.3}{\376\377\000B\000o\000d\000i\000e\000s\000\040\000o\000f\000\040\000G\000R\000s\000y\000n\000c\000\040\000F\000u\000n\000c\000t\000i\000o\000n\000s\000\040\000a\000n\000d\000\040\000C\000o\000m\000p\000o\000n\000e\000n\000t\000s}{section.3.3}% 59
\BOOKMARK [2][-]{subsection.3.3.4}{\376\377\000S\000u\000m\000m\000a\000r\000y}{section.3.3}% 60
\BOOKMARK [1][-]{section.3.4}{\376\377\000T\000y\000p\000e\000\040\000S\000y\000s\000t\000e\000m}{chapter.3}% 61
\BOOKMARK [2][-]{subsection.3.4.1}{\376\377\000G\000R\000u\000s\000t\000\040\000P\000r\000o\000g\000r\000a\000m\000s}{section.3.4}% 62
\BOOKMARK [2][-]{subsection.3.4.2}{\376\377\000B\000o\000d\000i\000e\000s\000\040\000o\000f\000\040\000G\000R\000f\000r\000p\000\040\000S\000e\000r\000v\000i\000c\000e\000s}{section.3.4}% 63
\BOOKMARK [2][-]{subsection.3.4.3}{\376\377\000B\000o\000d\000i\000e\000s\000\040\000o\000f\000\040\000G\000R\000s\000y\000n\000c\000\040\000F\000u\000n\000c\000t\000i\000o\000n\000s\000\040\000a\000n\000d\000\040\000C\000o\000m\000p\000o\000n\000e\000n\000t\000s}{section.3.4}% 64
\BOOKMARK [2][-]{subsection.3.4.4}{\376\377\000S\000u\000m\000m\000a\000r\000y}{section.3.4}% 65
\BOOKMARK [1][-]{section.3.5}{\376\377\000I\000m\000p\000l\000e\000m\000e\000n\000t\000a\000t\000i\000o\000n}{chapter.3}% 66
\BOOKMARK [2][-]{subsection.3.5.1}{\376\377\000R\000e\000q\000u\000i\000r\000e\000m\000e\000n\000t\000s\000\040\000f\000o\000r\000\040\000A\000u\000t\000o\000m\000o\000t\000i\000v\000e\000\040\000S\000o\000f\000t\000w\000a\000r\000e}{section.3.5}% 67
\BOOKMARK [2][-]{subsection.3.5.2}{\376\377\000T\000h\000e\000\040\000D\000e\000s\000i\000g\000n\000\040\000P\000r\000i\000n\000c\000i\000p\000l\000e\000s\000\040\000o\000f\000\040\000G\000R\000u\000s\000t}{section.3.5}% 68
\BOOKMARK [2][-]{subsection.3.5.3}{\376\377\000I\000m\000p\000l\000e\000m\000e\000n\000t\000a\000t\000i\000o\000n\000\040\000C\000h\000o\000i\000c\000e\000s}{section.3.5}% 69
\BOOKMARK [2][-]{subsection.3.5.4}{\376\377\000C\000o\000n\000c\000l\000u\000s\000i\000o\000n\000:\000\040\000I\000s\000o\000\040\0002\0006\0002\0006\0002\000\040\000A\000s\000s\000e\000s\000s\000m\000e\000n\000t\000\040\000a\000n\000d\000\040\000F\000u\000t\000u\000r\000e\000\040\000W\000o\000r\000k}{section.3.5}% 70
\BOOKMARK [1][-]{section.3.6}{\376\377\000B\000e\000n\000c\000h\000m\000a\000r\000k\000s}{chapter.3}% 71
\BOOKMARK [2][-]{subsection.3.6.1}{\376\377\000G\000R\000s\000y\000n\000c\000\040\000P\000e\000r\000f\000o\000r\000m\000a\000n\000c\000e\000\040\000E\000v\000a\000l\000u\000a\000t\000i\000o\000n}{section.3.6}% 72
\BOOKMARK [2][-]{subsection.3.6.2}{\376\377\000E\000v\000a\000l\000u\000a\000t\000i\000o\000n\000\040\000o\000f\000\040\000t\000h\000e\000\040\000D\000e\000s\000i\000g\000n\000\040\000o\000f\000\040\000a\000\040\000U\000A\000V\000\040\000w\000i\000t\000h\000\040\000G\000R\000u\000s\000t}{section.3.6}% 73
\BOOKMARK [2][-]{subsection.3.6.3}{\376\377\000C\000o\000m\000p\000a\000r\000i\000n\000g\000\040\000G\000R\000u\000s\000t\000\040\000t\000o\000\040\000H\000a\000n\000d\000m\000a\000d\000e\000\040\000R\000u\000s\000t\000\040\000C\000o\000d\000e}{section.3.6}% 74
\BOOKMARK [2][-]{subsection.3.6.4}{\376\377\000S\000u\000m\000m\000a\000r\000y}{section.3.6}% 75
\BOOKMARK [0][-]{chapter.4}{\376\377\000G\000R\000u\000s\000t\000:\000\040\000F\000o\000r\000m\000a\000l\000\040\000S\000e\000m\000a\000n\000t\000i\000c\000s}{}% 76
\BOOKMARK [1][-]{section.4.1}{\376\377\000E\000x\000a\000m\000p\000l\000e\000:\000\040\000A\000u\000t\000o\000m\000a\000t\000i\000c\000\040\000E\000m\000e\000r\000g\000e\000n\000c\000y\000\040\000B\000r\000a\000k\000i\000n\000g\000\040\000\050\000A\000e\000b\000\051}{chapter.4}% 77
\BOOKMARK [1][-]{section.4.2}{\376\377\000S\000t\000r\000e\000a\000m\000s\000\040\000a\000n\000d\000\040\000C\000l\000o\000c\000k\000s}{chapter.4}% 78
\BOOKMARK [2][-]{subsection.4.2.1}{\376\377\000T\000h\000e\000\040\000P\000r\000i\000n\000c\000i\000p\000l\000e\000\040\000o\000f\000\040\000C\000o\000i\000n\000d\000u\000c\000t\000i\000o\000n}{section.4.2}% 79
\BOOKMARK [2][-]{subsection.4.2.2}{\376\377\000D\000e\000f\000i\000n\000i\000t\000i\000o\000n\000\040\000o\000f\000\040\000S\000t\000r\000e\000a\000m\000s}{section.4.2}% 80
\BOOKMARK [2][-]{subsection.4.2.3}{\376\377\000A\000p\000p\000l\000i\000c\000a\000t\000i\000o\000n\000\040\000i\000n\000\040\000D\000e\000n\000o\000t\000a\000t\000i\000o\000n\000a\000l\000\040\000S\000e\000m\000a\000n\000t\000i\000c\000s}{section.4.2}% 81
\BOOKMARK [2][-]{subsection.4.2.4}{\376\377\000C\000l\000o\000c\000k\000s}{section.4.2}% 82
\BOOKMARK [2][-]{subsection.4.2.5}{\376\377\000A\000d\000v\000a\000n\000c\000e\000d\000\040\000C\000o\000i\000n\000d\000u\000c\000t\000i\000v\000e\000\040\000C\000o\000n\000s\000t\000r\000u\000c\000t\000s}{section.4.2}% 83
\BOOKMARK [2][-]{subsection.4.2.6}{\376\377\000S\000u\000m\000m\000a\000r\000y}{section.4.2}% 84
\BOOKMARK [1][-]{section.4.3}{\376\377\000F\000o\000r\000m\000a\000l\000i\000z\000a\000t\000i\000o\000n\000\040\000o\000f\000\040\000G\000R\000s\000y\000n\000c}{chapter.4}% 85
\BOOKMARK [2][-]{subsection.4.3.1}{\376\377\000F\000o\000r\000m\000a\000l\000\040\000S\000y\000n\000t\000a\000x\000\040\000o\000f\000\040\000G\000R\000s\000y\000n\000c}{section.4.3}% 86
\BOOKMARK [2][-]{subsection.4.3.2}{\376\377\000C\000a\000u\000s\000a\000l\000i\000t\000y\000\040\000i\000n\000\040\000G\000R\000s\000y\000n\000c}{section.4.3}% 87
\BOOKMARK [2][-]{subsection.4.3.3}{\376\377\000O\000p\000e\000r\000a\000t\000i\000o\000n\000a\000l\000\040\000S\000e\000m\000a\000n\000t\000i\000c\000s\000\040\000o\000f\000\040\000G\000R\000s\000y\000n\000c}{section.4.3}% 88
\BOOKMARK [2][-]{subsection.4.3.4}{\376\377\000D\000e\000n\000o\000t\000a\000t\000i\000o\000n\000a\000l\000\040\000S\000e\000m\000a\000n\000t\000i\000c\000s\000\040\000o\000f\000\040\000G\000R\000s\000y\000n\000c}{section.4.3}% 89
\BOOKMARK [2][-]{subsection.4.3.5}{\376\377\000R\000e\000a\000c\000t\000i\000v\000e\000\040\000T\000y\000p\000e\000\040\000S\000y\000s\000t\000e\000m\000\040\000o\000f\000\040\000G\000R\000s\000y\000n\000c}{section.4.3}% 90
\BOOKMARK [2][-]{subsection.4.3.6}{\376\377\000T\000h\000e\000o\000r\000e\000m\000s\000\040\000f\000o\000r\000\040\000G\000R\000s\000y\000n\000c}{section.4.3}% 91
\BOOKMARK [2][-]{subsection.4.3.7}{\376\377\000D\000i\000s\000c\000u\000s\000s\000i\000o\000n}{section.4.3}% 92
\BOOKMARK [1][-]{section.4.4}{\376\377\000F\000o\000r\000m\000a\000l\000i\000z\000a\000t\000i\000o\000n\000\040\000o\000f\000\040\000G\000R\000f\000r\000p}{chapter.4}% 93
\BOOKMARK [2][-]{subsection.4.4.1}{\376\377\000F\000o\000r\000m\000a\000l\000\040\000S\000y\000n\000t\000a\000x\000\040\000o\000f\000\040\000G\000R\000f\000r\000p}{section.4.4}% 94
\BOOKMARK [2][-]{subsection.4.4.2}{\376\377\000O\000p\000e\000r\000a\000t\000i\000o\000n\000a\000l\000\040\000S\000e\000m\000a\000n\000t\000i\000c\000s\000\040\000o\000f\000\040\000G\000R\000f\000r\000p}{section.4.4}% 95
\BOOKMARK [2][-]{subsection.4.4.3}{\376\377\000D\000e\000n\000o\000t\000a\000t\000i\000o\000n\000a\000l\000\040\000S\000e\000m\000a\000n\000t\000i\000c\000s\000\040\000o\000f\000\040\000G\000R\000f\000r\000p}{section.4.4}% 96
\BOOKMARK [2][-]{subsection.4.4.4}{\376\377\000R\000e\000a\000c\000t\000i\000v\000e\000\040\000T\000y\000p\000e\000\040\000S\000y\000s\000t\000e\000m\000\040\000o\000f\000\040\000G\000R\000f\000r\000p}{section.4.4}% 97
\BOOKMARK [2][-]{subsection.4.4.5}{\376\377\000T\000h\000e\000o\000r\000e\000m\000s\000\040\000f\000o\000r\000\040\000G\000R\000f\000r\000p}{section.4.4}% 98
\BOOKMARK [2][-]{subsection.4.4.6}{\376\377\000D\000i\000s\000c\000u\000s\000s\000i\000o\000n}{section.4.4}% 99
\BOOKMARK [0][-]{chapter.5}{\376\377\000C\000o\000n\000c\000l\000u\000s\000i\000o\000n}{}% 100
\BOOKMARK [1][-]{section.5.1}{\376\377\000L\000i\000m\000i\000t\000a\000t\000i\000o\000n\000s}{chapter.5}% 101
\BOOKMARK [1][-]{section.5.2}{\376\377\000P\000e\000r\000s\000p\000e\000c\000t\000i\000v\000e\000s}{chapter.5}% 102
\BOOKMARK [1][-]{section.5.3}{\376\377\000F\000u\000t\000u\000r\000e\000\040\000W\000o\000r\000k}{chapter.5}% 103
\BOOKMARK [2][-]{subsection.5.3.1}{\376\377\000L\000a\000n\000g\000u\000a\000g\000e\000\040\000a\000n\000d\000\040\000C\000o\000m\000p\000i\000l\000e\000r\000\040\000E\000v\000o\000l\000u\000t\000i\000o\000n}{section.5.3}% 104
\BOOKMARK [2][-]{subsection.5.3.2}{\376\377\000V\000e\000r\000i\000f\000i\000c\000a\000t\000i\000o\000n\000,\000\040\000V\000a\000l\000i\000d\000a\000t\000i\000o\000n\000,\000\040\000a\000n\000d\000\040\000S\000a\000f\000e\000t\000y\000\040\000A\000s\000s\000u\000r\000a\000n\000c\000e}{section.5.3}% 105
\BOOKMARK [2][-]{subsection.5.3.3}{\376\377\000I\000n\000d\000u\000s\000t\000r\000i\000a\000l\000i\000z\000a\000t\000i\000o\000n\000\040\000a\000n\000d\000\040\000E\000c\000o\000s\000y\000s\000t\000e\000m\000\040\000D\000e\000v\000e\000l\000o\000p\000m\000e\000n\000t}{section.5.3}% 106
\BOOKMARK [1][-]{section.5.4}{\376\377\000C\000o\000n\000c\000l\000u\000d\000i\000n\000g\000\040\000R\000e\000m\000a\000r\000k\000s}{chapter.5}% 107
